Resolving dependencies...
Downloading packages...
  _fe_analyzer_shared 85.0.0 (94.0.0 available)
  analyzer 7.6.0 (10.0.2 available)
  analyzer_plugin 0.13.4 (0.14.2 available)
  app_links 6.4.1 (7.0.0 available)
  build 2.5.4 (4.0.4 available)
  build_config 1.1.2 (1.2.0 available)
  build_resolvers 2.5.4 (3.0.4 available)
  build_runner 2.5.4 (2.10.5 available)
  build_runner_core 9.1.2 (9.3.2 available)
  built_value 8.12.1 (8.12.3 available)
  characters 1.4.0 (1.4.1 available)
  code_builder 4.11.0 (4.11.1 available)
  connectivity_plus 6.1.5 (7.0.0 available)
  cross_file 0.3.5+1 (0.3.5+2 available)
  custom_lint_core 0.7.5 (0.8.2 available)
  custom_lint_visitor 1.0.0+7.7.0 (1.0.0+9.0.0 available)
  dart_style 3.1.1 (3.1.5 available)
  dio 5.9.0 (5.9.1 available)
  equatable 2.0.7 (2.0.8 available)
  ffi 2.1.4 (2.1.5 available)
  file_picker 8.3.7 (10.3.10 available)
  flutter_dotenv 5.2.1 (6.0.0 available)
  flutter_launcher_icons 0.13.1 (0.14.4 available)
  flutter_lints 4.0.0 (6.0.0 available)
  flutter_local_notifications 19.5.0 (20.0.0 available)
  flutter_local_notifications_linux 6.0.0 (7.0.0 available)
  flutter_local_notifications_platform_interface 9.1.0 (10.0.0 available)
  flutter_local_notifications_windows 1.0.3 (2.0.0 available)
  flutter_native_splash 2.3.0 (2.4.7 available)
  flutter_riverpod 2.6.1 (3.2.0 available)
  freezed 2.5.8 (3.2.4 available)
  freezed_annotation 2.4.4 (3.1.0 available)
  geocoding 3.0.0 (4.0.0 available)
  geocoding_android 3.3.1 (4.0.1 available)
  geocoding_platform_interface 3.2.0 (5.0.0 available)
  geolocator 12.0.0 (14.0.2 available)
  geolocator_android 4.6.2 (5.0.2 available)
  go_router 14.8.1 (17.0.1 available)
  google_fonts 6.3.3 (8.0.0 available)
  google_maps_flutter_android 2.18.6 (2.18.12 available)
  google_maps_flutter_ios 2.15.7 (2.17.0 available)
  google_sign_in 6.3.0 (7.2.0 available)
  google_sign_in_android 6.2.1 (7.2.7 available)
  google_sign_in_ios 5.9.0 (6.2.5 available)
  google_sign_in_platform_interface 2.5.0 (3.1.0 available)
  google_sign_in_web 0.12.4+4 (1.1.0 available)
  image 4.5.4 (4.7.2 available)
  image_cropper 8.1.0 (11.0.0 available)
  image_cropper_for_web 6.1.0 (7.0.0 available)
  image_cropper_platform_interface 7.2.0 (8.0.0 available)
  image_picker_android 0.8.13+10 (0.8.13+13 available)
  image_picker_ios 0.8.13+3 (0.8.13+6 available)
  js 0.6.7 (0.7.2 available)
  json_annotation 4.9.0 (4.10.0 available)
  json_serializable 6.9.5 (6.12.0 available)
  lints 4.0.0 (6.1.0 available)
  local_auth 2.3.0 (3.0.0 available)
  local_auth_android 1.0.56 (2.0.4 available)
  local_auth_darwin 1.6.1 (2.0.1 available)
  local_auth_windows 1.0.11 (2.0.1 available)
  matcher 0.12.17 (0.12.18 available)
  material_color_utilities 0.11.1 (0.13.0 available)
  meta 1.17.0 (1.18.1 available)
  path_provider_foundation 2.5.1 (2.6.0 available)
  permission_handler 11.4.0 (12.0.1 available)
  permission_handler_android 12.1.0 (13.0.1 available)
  riverpod 2.6.1 (3.2.0 available)
  riverpod_analyzer_utils 0.5.9 (0.5.10 available)
  riverpod_annotation 2.6.1 (4.0.1 available)
  riverpod_generator 2.6.4 (4.0.2 available)
  shared_preferences_android 2.4.18 (2.4.20 available)
  sign_in_with_apple 6.1.4 (7.0.1 available)
  sign_in_with_apple_platform_interface 1.1.0 (2.0.0 available)
  sign_in_with_apple_web 2.1.1 (3.0.0 available)
  source_gen 2.0.0 (4.2.0 available)
  source_helper 1.3.7 (1.3.10 available)
  sqflite_common_ffi 2.4.0+1 (2.4.0+2 available)
  sqlite3 3.1.2 (3.1.4 available)
  test_api 0.7.7 (0.7.9 available)
  timezone 0.10.1 (0.11.0 available)
  url_launcher 6.3.0 (6.3.2 available)
  url_launcher_web 2.4.1 (2.4.2 available)
  vector_graphics_compiler 1.1.19 (1.1.20 available)
  watcher 1.2.0 (1.2.1 available)
Got dependencies!
84 packages have newer versions incompatible with dependency constraints.
Try `flutter pub outdated` for more information.
00:00 +0: loading D:/Projects/flutter/ordermate/test/features/products/presentation/screens/product_form_test.dart
00:00 +0: (setUpAll)
00:00 +0: Product Form Validation Logic Test
ÔòÉÔòÉÔòí EXCEPTION CAUGHT BY FLUTTER TEST FRAMEWORK Ôò×ÔòÉÔòÉÔòÉÔòÉÔòÉÔòÉÔòÉÔòÉÔòÉÔòÉÔòÉÔòÉÔòÉÔòÉÔòÉÔòÉÔòÉÔòÉÔòÉÔòÉÔòÉÔòÉÔòÉÔòÉÔòÉÔòÉÔòÉÔòÉÔòÉÔòÉÔòÉÔòÉÔòÉÔòÉÔòÉÔòÉÔòÉÔòÉÔòÉÔòÉÔòÉÔòÉÔòÉÔòÉÔòÉÔòÉÔòÉÔòÉÔòÉÔòÉÔòÉÔòÉ
The following TestFailure was thrown running a test:
Expected: at least one matching candidate
  Actual: _TextContainingWidgetFinder:<Found 0 widgets with text containing Please select a
Category: []>
   Which: means none were found but some were expected

When the exception was thrown, this was the stack:
#4      main.<anonymous closure> (file:///D:/Projects/flutter/ordermate/test/features/products/presentation/screens/product_form_test.dart:167:5)
<asynchronous suspension>
#5      testWidgets.<anonymous closure>.<anonymous closure> (package:flutter_test/src/widget_tester.dart:192:15)
<asynchronous suspension>
#6      TestWidgetsFlutterBinding._runTestBody (package:flutter_test/src/binding.dart:1059:5)
<asynchronous suspension>
<asynchronous suspension>
(elided one frame from package:stack_trace)

This was caught by the test expectation on the following line:
  file:///D:/Projects/flutter/ordermate/test/features/products/presentation/screens/product_form_test.dart line 167
The test description was:
  Product Form Validation Logic Test
ÔòÉÔòÉÔòÉÔòÉÔòÉÔòÉÔòÉÔòÉÔòÉÔòÉÔòÉÔòÉÔòÉÔòÉÔòÉÔòÉÔòÉÔòÉÔòÉÔòÉÔòÉÔòÉÔòÉÔòÉÔòÉÔòÉÔòÉÔòÉÔòÉÔòÉÔòÉÔòÉÔòÉÔòÉÔòÉÔòÉÔòÉÔòÉÔòÉÔòÉÔòÉÔòÉÔòÉÔòÉÔòÉÔòÉÔòÉÔòÉÔòÉÔòÉÔòÉÔòÉÔòÉÔòÉÔòÉÔòÉÔòÉÔòÉÔòÉÔòÉÔòÉÔòÉÔòÉÔòÉÔòÉÔòÉÔòÉÔòÉÔòÉÔòÉÔòÉÔòÉÔòÉÔòÉÔòÉÔòÉÔòÉÔòÉÔòÉÔòÉÔòÉÔòÉÔòÉÔòÉÔòÉÔòÉÔòÉÔòÉÔòÉÔòÉÔòÉÔòÉÔòÉÔòÉÔòÉÔòÉÔòÉÔòÉÔòÉÔòÉ
00:01 +0 -1: Product Form Validation Logic Test [E]
  Test failed. See exception logs above.
  The test description was: Product Form Validation Logic Test
  
00:01 +0 -1: (tearDownAll)
00:01 +0 -1: Some tests failed.
